base_v1 (eval): 129/256 = 50.4% [44.3, 56.5]
seed 0: demos 13/20 = 65.0% [43.3, 81.9], warm-up base rollouts 111/256 = 43.4% [37.4, 49.5]
  sac seed 0 round 1/10: 0/32 = 0.0% [0.0, 10.7], 1216 updates, mean Q -0.049, 7s
  sac seed 0 round 2/10: 0/32 = 0.0% [0.0, 10.7], 1216 updates, mean Q -0.021, 14s
  sac seed 0 round 3/10: 0/32 = 0.0% [0.0, 10.7], 1216 updates, mean Q 0.214, 20s
  sac seed 0 round 4/10: 0/32 = 0.0% [0.0, 10.7], 1216 updates, mean Q 1.142, 26s
  sac seed 0 round 5/10: 0/32 = 0.0% [0.0, 10.7], 1216 updates, mean Q 2.891, 34s
  sac seed 0 round 6/10: 0/32 = 0.0% [0.0, 10.7], 1216 updates, mean Q 6.355, 42s
  sac seed 0 round 7/10: 0/32 = 0.0% [0.0, 10.7], 1216 updates, mean Q 10.959, 49s
  sac seed 0 round 8/10: 0/32 = 0.0% [0.0, 10.7], 1216 updates, mean Q 17.150, 58s
  sac seed 0 round 9/10: 0/32 = 0.0% [0.0, 10.7], 1216 updates, mean Q 23.411, 66s
  sac seed 0 round 10/10: 0/32 = 0.0% [0.0, 10.7], 1216 updates, mean Q 29.425, 73s
sac seed 0 (eval): 6/256 = 2.3% [1.1, 5.0]
sac seed 0 sampled actor (eval, extra): 3/256 = 1.2% [0.4, 3.4]
  rlpd seed 0 round 1/10: 0/32 = 0.0% [0.0, 10.7], 4864 updates, mean Q -0.186, 23s
  rlpd seed 0 round 2/10: 0/32 = 0.0% [0.0, 10.7], 4864 updates, mean Q -0.062, 48s
  rlpd seed 0 round 3/10: 0/32 = 0.0% [0.0, 10.7], 4864 updates, mean Q -0.007, 63s
  rlpd seed 0 round 4/10: 0/32 = 0.0% [0.0, 10.7], 4864 updates, mean Q 0.017, 78s
  rlpd seed 0 round 5/10: 0/32 = 0.0% [0.0, 10.7], 4864 updates, mean Q 0.036, 92s
  rlpd seed 0 round 6/10: 0/32 = 0.0% [0.0, 10.7], 4864 updates, mean Q 0.064, 108s
  rlpd seed 0 round 7/10: 0/32 = 0.0% [0.0, 10.7], 4864 updates, mean Q 0.076, 125s
  rlpd seed 0 round 8/10: 1/32 = 3.1% [0.6, 15.7], 4756 updates, mean Q 0.139, 142s
  rlpd seed 0 round 9/10: 0/32 = 0.0% [0.0, 10.7], 4864 updates, mean Q 0.174, 172s
  rlpd seed 0 round 10/10: 12/32 = 37.5% [22.9, 54.7], 3460 updates, mean Q 0.257, 187s
rlpd seed 0 (eval): 0/256 = 0.0% [0.0, 1.5]
rlpd seed 0 sampled actor (eval, extra): 0/256 = 0.0% [0.0, 1.5]
  qc seed 0 round 1/20: 20/32 = 62.5% [45.3, 77.1], 1324 updates, mean Q 0.248, 91s
  qc seed 0 round 2/20: 26/32 = 81.2% [64.7, 91.1], 964 updates, mean Q 0.258, 105s
  qc seed 0 round 3/20: 25/32 = 78.1% [61.2, 89.0], 1020 updates, mean Q 0.265, 122s
  qc seed 0 round 4/20: 28/32 = 87.5% [71.9, 95.0], 812 updates, mean Q 0.272, 134s
  qc seed 0 round 5/20: 29/32 = 90.6% [75.8, 96.8], 736 updates, mean Q 0.282, 147s
  qc seed 0 round 6/20: 29/32 = 90.6% [75.8, 96.8], 758 updates, mean Q 0.293, 162s
  qc seed 0 round 7/20: 24/32 = 75.0% [57.9, 86.7], 1082 updates, mean Q 0.293, 179s
  qc seed 0 round 8/20: 31/32 = 96.9% [84.3, 99.4], 644 updates, mean Q 0.306, 189s
  qc seed 0 round 9/20: 32/32 = 100.0% [89.3, 100.0], 592 updates, mean Q 0.321, 195s
  qc seed 0 round 10/20: 31/32 = 96.9% [84.3, 99.4], 608 updates, mean Q 0.334, 206s
  qc seed 0 round 11/20: 28/32 = 87.5% [71.9, 95.0], 802 updates, mean Q 0.339, 218s
  qc seed 0 round 12/20: 30/32 = 93.8% [79.9, 98.3], 664 updates, mean Q 0.347, 226s
  qc seed 0 round 13/20: 31/32 = 96.9% [84.3, 99.4], 640 updates, mean Q 0.358, 235s
  qc seed 0 round 14/20: 32/32 = 100.0% [89.3, 100.0], 568 updates, mean Q 0.370, 243s
  qc seed 0 round 15/20: 29/32 = 90.6% [75.8, 96.8], 724 updates, mean Q 0.377, 252s
  qc seed 0 round 16/20: 28/32 = 87.5% [71.9, 95.0], 796 updates, mean Q 0.380, 266s
  qc seed 0 round 17/20: 31/32 = 96.9% [84.3, 99.4], 612 updates, mean Q 0.388, 275s
  qc seed 0 round 18/20: 31/32 = 96.9% [84.3, 99.4], 596 updates, mean Q 0.396, 285s
  qc seed 0 round 19/20: 31/32 = 96.9% [84.3, 99.4], 598 updates, mean Q 0.404, 293s
  qc seed 0 round 20/20: 31/32 = 96.9% [84.3, 99.4], 658 updates, mean Q 0.412, 304s
qc seed 0 (eval): 238/256 = 93.0% [89.2, 95.5]
  qc-cql seed 0 round 1/10: 13/32 = 40.6% [25.5, 57.7], 1670 updates, mean Q -83.031, 113s
  qc-cql seed 0 round 2/10: 19/32 = 59.4% [42.3, 74.5], 1326 updates, mean Q -44.161, 131s
  qc-cql seed 0 round 3/10: 19/32 = 59.4% [42.3, 74.5], 1338 updates, mean Q -26.746, 150s
  qc-cql seed 0 round 4/10: 22/32 = 68.8% [51.4, 82.0], 1144 updates, mean Q -13.924, 167s
  qc-cql seed 0 round 5/10: 23/32 = 71.9% [54.6, 84.4], 1098 updates, mean Q -6.623, 185s
  qc-cql seed 0 round 6/10: 12/32 = 37.5% [22.9, 54.7], 1728 updates, mean Q -1.689, 212s
  qc-cql seed 0 round 7/10: 15/32 = 46.9% [30.9, 63.6], 1582 updates, mean Q 0.119, 235s
  qc-cql seed 0 round 8/10: 15/32 = 46.9% [30.9, 63.6], 1552 updates, mean Q 0.209, 258s
  qc-cql seed 0 round 9/10: 18/32 = 56.2% [39.3, 71.8], 1378 updates, mean Q 0.128, 280s
  qc-cql seed 0 round 10/10: 24/32 = 75.0% [57.9, 86.7], 1012 updates, mean Q 0.101, 300s
qc-cql seed 0 (eval): 154/256 = 60.2% [54.1, 66.0]
seed 1: demos 12/20 = 60.0% [38.7, 78.1], warm-up base rollouts 103/256 = 40.2% [34.4, 46.3]
  sac seed 1 round 1/10: 0/32 = 0.0% [0.0, 10.7], 1216 updates, mean Q -0.034, 6s
  sac seed 1 round 2/10: 0/32 = 0.0% [0.0, 10.7], 1216 updates, mean Q 0.019, 13s
  sac seed 1 round 3/10: 0/32 = 0.0% [0.0, 10.7], 1216 updates, mean Q 0.171, 19s
  sac seed 1 round 4/10: 0/32 = 0.0% [0.0, 10.7], 1216 updates, mean Q 0.364, 25s
  sac seed 1 round 5/10: 0/32 = 0.0% [0.0, 10.7], 1216 updates, mean Q 0.845, 31s
  sac seed 1 round 6/10: 0/32 = 0.0% [0.0, 10.7], 1216 updates, mean Q 1.860, 39s
  sac seed 1 round 7/10: 0/32 = 0.0% [0.0, 10.7], 1216 updates, mean Q 3.124, 45s
  sac seed 1 round 8/10: 1/32 = 3.1% [0.6, 15.7], 1192 updates, mean Q 4.611, 51s
  sac seed 1 round 9/10: 0/32 = 0.0% [0.0, 10.7], 1216 updates, mean Q 6.754, 59s
  sac seed 1 round 10/10: 0/32 = 0.0% [0.0, 10.7], 1216 updates, mean Q 9.312, 66s
sac seed 1 (eval): 16/256 = 6.2% [3.9, 9.9]
sac seed 1 sampled actor (eval, extra): 15/256 = 5.9% [3.6, 9.4]
  rlpd seed 1 round 1/10: 0/32 = 0.0% [0.0, 10.7], 4864 updates, mean Q -0.130, 15s
  rlpd seed 1 round 2/10: 0/32 = 0.0% [0.0, 10.7], 4864 updates, mean Q -0.058, 32s
  rlpd seed 1 round 3/10: 0/32 = 0.0% [0.0, 10.7], 4864 updates, mean Q -0.002, 67s
  rlpd seed 1 round 4/10: 0/32 = 0.0% [0.0, 10.7], 4864 updates, mean Q 0.031, 87s
  rlpd seed 1 round 5/10: 0/32 = 0.0% [0.0, 10.7], 4864 updates, mean Q 0.048, 103s
  rlpd seed 1 round 6/10: 0/32 = 0.0% [0.0, 10.7], 4864 updates, mean Q 0.055, 119s
  rlpd seed 1 round 7/10: 1/32 = 3.1% [0.6, 15.7], 4752 updates, mean Q 0.244, 135s
  rlpd seed 1 round 8/10: 0/32 = 0.0% [0.0, 10.7], 4864 updates, mean Q 0.509, 152s
  rlpd seed 1 round 9/10: 0/32 = 0.0% [0.0, 10.7], 4864 updates, mean Q 0.300, 167s
  rlpd seed 1 round 10/10: 0/32 = 0.0% [0.0, 10.7], 4864 updates, mean Q 0.222, 182s
rlpd seed 1 (eval): 9/256 = 3.5% [1.9, 6.5]
rlpd seed 1 sampled actor (eval, extra): 30/256 = 11.7% [8.3, 16.2]
  qc seed 1 round 1/20: 15/32 = 46.9% [30.9, 63.6], 1590 updates, mean Q 0.237, 64s
  qc seed 1 round 2/20: 29/32 = 90.6% [75.8, 96.8], 780 updates, mean Q 0.247, 73s
  qc seed 1 round 3/20: 24/32 = 75.0% [57.9, 86.7], 1018 updates, mean Q 0.245, 84s
  qc seed 1 round 4/20: 23/32 = 71.9% [54.6, 84.4], 1094 updates, mean Q 0.244, 104s
  qc seed 1 round 5/20: 30/32 = 93.8% [79.9, 98.3], 718 updates, mean Q 0.258, 113s
  qc seed 1 round 6/20: 29/32 = 90.6% [75.8, 96.8], 754 updates, mean Q 0.266, 123s
  qc seed 1 round 7/20: 28/32 = 87.5% [71.9, 95.0], 814 updates, mean Q 0.274, 138s
  qc seed 1 round 8/20: 30/32 = 93.8% [79.9, 98.3], 734 updates, mean Q 0.286, 146s
  qc seed 1 round 9/20: 28/32 = 87.5% [71.9, 95.0], 810 updates, mean Q 0.292, 161s
  qc seed 1 round 10/20: 30/32 = 93.8% [79.9, 98.3], 682 updates, mean Q 0.302, 171s
  qc seed 1 round 11/20: 27/32 = 84.4% [68.2, 93.1], 856 updates, mean Q 0.311, 183s
  qc seed 1 round 12/20: 25/32 = 78.1% [61.2, 89.0], 982 updates, mean Q 0.313, 195s
  qc seed 1 round 13/20: 28/32 = 87.5% [71.9, 95.0], 828 updates, mean Q 0.320, 206s
  qc seed 1 round 14/20: 30/32 = 93.8% [79.9, 98.3], 676 updates, mean Q 0.330, 213s
  qc seed 1 round 15/20: 31/32 = 96.9% [84.3, 99.4], 616 updates, mean Q 0.339, 220s
  qc seed 1 round 16/20: 30/32 = 93.8% [79.9, 98.3], 644 updates, mean Q 0.344, 228s
  qc seed 1 round 17/20: 31/32 = 96.9% [84.3, 99.4], 606 updates, mean Q 0.355, 236s
  qc seed 1 round 18/20: 27/32 = 84.4% [68.2, 93.1], 860 updates, mean Q 0.358, 245s
  qc seed 1 round 19/20: 30/32 = 93.8% [79.9, 98.3], 658 updates, mean Q 0.367, 257s
  qc seed 1 round 20/20: 29/32 = 90.6% [75.8, 96.8], 714 updates, mean Q 0.373, 266s
qc seed 1 (eval): 245/256 = 95.7% [92.5, 97.6]
  qc-cql seed 1 round 1/10: 15/32 = 46.9% [30.9, 63.6], 1560 updates, mean Q -81.042, 96s
  qc-cql seed 1 round 2/10: 16/32 = 50.0% [33.6, 66.4], 1504 updates, mean Q -45.962, 117s
  qc-cql seed 1 round 3/10: 23/32 = 71.9% [54.6, 84.4], 1114 updates, mean Q -26.442, 136s
  qc-cql seed 1 round 4/10: 15/32 = 46.9% [30.9, 63.6], 1560 updates, mean Q -14.830, 162s
  qc-cql seed 1 round 5/10: 20/32 = 62.5% [45.3, 77.1], 1296 updates, mean Q -6.238, 177s
  qc-cql seed 1 round 6/10: 20/32 = 62.5% [45.3, 77.1], 1256 updates, mean Q -2.333, 192s
  qc-cql seed 1 round 7/10: 19/32 = 59.4% [42.3, 74.5], 1362 updates, mean Q -1.001, 207s
  qc-cql seed 1 round 8/10: 22/32 = 68.8% [51.4, 82.0], 1166 updates, mean Q -0.588, 221s
  qc-cql seed 1 round 9/10: 21/32 = 65.6% [48.3, 79.6], 1206 updates, mean Q -0.374, 234s
  qc-cql seed 1 round 10/10: 17/32 = 53.1% [36.4, 69.1], 1430 updates, mean Q -0.255, 252s
qc-cql seed 1 (eval): 140/256 = 54.7% [48.6, 60.7]
seed 2: demos 11/20 = 55.0% [34.2, 74.2], warm-up base rollouts 116/256 = 45.3% [39.3, 51.4]
  sac seed 2 round 1/10: 0/32 = 0.0% [0.0, 10.7], 1216 updates, mean Q -0.041, 6s
  sac seed 2 round 2/10: 0/32 = 0.0% [0.0, 10.7], 1216 updates, mean Q -0.000, 11s
  sac seed 2 round 3/10: 0/32 = 0.0% [0.0, 10.7], 1216 updates, mean Q 0.329, 16s
  sac seed 2 round 4/10: 0/32 = 0.0% [0.0, 10.7], 1216 updates, mean Q 1.297, 23s
  sac seed 2 round 5/10: 0/32 = 0.0% [0.0, 10.7], 1216 updates, mean Q 2.716, 30s
  sac seed 2 round 6/10: 0/32 = 0.0% [0.0, 10.7], 1216 updates, mean Q 6.382, 36s
  sac seed 2 round 7/10: 0/32 = 0.0% [0.0, 10.7], 1216 updates, mean Q 12.679, 41s
  sac seed 2 round 8/10: 0/32 = 0.0% [0.0, 10.7], 1216 updates, mean Q 20.761, 47s
  sac seed 2 round 9/10: 0/32 = 0.0% [0.0, 10.7], 1216 updates, mean Q 32.331, 53s
  sac seed 2 round 10/10: 0/32 = 0.0% [0.0, 10.7], 1216 updates, mean Q 40.800, 61s
sac seed 2 (eval): 1/256 = 0.4% [0.1, 2.2]
sac seed 2 sampled actor (eval, extra): 0/256 = 0.0% [0.0, 1.5]
  rlpd seed 2 round 1/10: 0/32 = 0.0% [0.0, 10.7], 4864 updates, mean Q -0.149, 17s
  rlpd seed 2 round 2/10: 0/32 = 0.0% [0.0, 10.7], 4864 updates, mean Q -0.077, 33s
  rlpd seed 2 round 3/10: 0/32 = 0.0% [0.0, 10.7], 4864 updates, mean Q -0.015, 48s
  rlpd seed 2 round 4/10: 0/32 = 0.0% [0.0, 10.7], 4864 updates, mean Q 0.016, 65s
  rlpd seed 2 round 5/10: 0/32 = 0.0% [0.0, 10.7], 4864 updates, mean Q 0.033, 81s
  rlpd seed 2 round 6/10: 0/32 = 0.0% [0.0, 10.7], 4864 updates, mean Q 0.053, 96s
  rlpd seed 2 round 7/10: 0/32 = 0.0% [0.0, 10.7], 4864 updates, mean Q 0.075, 112s
  rlpd seed 2 round 8/10: 0/32 = 0.0% [0.0, 10.7], 4864 updates, mean Q 0.104, 128s
  rlpd seed 2 round 9/10: 7/32 = 21.9% [11.0, 38.8], 4072 updates, mean Q 0.148, 141s
  rlpd seed 2 round 10/10: 6/32 = 18.8% [8.9, 35.3], 4200 updates, mean Q 0.189, 155s
rlpd seed 2 (eval): 116/256 = 45.3% [39.3, 51.4]
rlpd seed 2 sampled actor (eval, extra): 68/256 = 26.6% [21.5, 32.3]
  qc seed 2 round 1/20: 15/32 = 46.9% [30.9, 63.6], 1606 updates, mean Q 0.246, 92s
  qc seed 2 round 2/20: 22/32 = 68.8% [51.4, 82.0], 1162 updates, mean Q 0.243, 118s
  qc seed 2 round 3/20: 28/32 = 87.5% [71.9, 95.0], 844 updates, mean Q 0.251, 134s
  qc seed 2 round 4/20: 26/32 = 81.2% [64.7, 91.1], 934 updates, mean Q 0.258, 145s
  qc seed 2 round 5/20: 29/32 = 90.6% [75.8, 96.8], 756 updates, mean Q 0.270, 162s
  qc seed 2 round 6/20: 29/32 = 90.6% [75.8, 96.8], 748 updates, mean Q 0.281, 170s
  qc seed 2 round 7/20: 29/32 = 90.6% [75.8, 96.8], 724 updates, mean Q 0.287, 179s
  qc seed 2 round 8/20: 29/32 = 90.6% [75.8, 96.8], 742 updates, mean Q 0.297, 188s
  qc seed 2 round 9/20: 30/32 = 93.8% [79.9, 98.3], 670 updates, mean Q 0.308, 195s
  qc seed 2 round 10/20: 30/32 = 93.8% [79.9, 98.3], 672 updates, mean Q 0.319, 202s
  qc seed 2 round 11/20: 24/32 = 75.0% [57.9, 86.7], 1020 updates, mean Q 0.318, 214s
  qc seed 2 round 12/20: 30/32 = 93.8% [79.9, 98.3], 686 updates, mean Q 0.329, 222s
  qc seed 2 round 13/20: 31/32 = 96.9% [84.3, 99.4], 602 updates, mean Q 0.337, 229s
  qc seed 2 round 14/20: 31/32 = 96.9% [84.3, 99.4], 620 updates, mean Q 0.346, 237s
  qc seed 2 round 15/20: 29/32 = 90.6% [75.8, 96.8], 712 updates, mean Q 0.354, 249s
  qc seed 2 round 16/20: 31/32 = 96.9% [84.3, 99.4], 614 updates, mean Q 0.363, 256s
  qc seed 2 round 17/20: 30/32 = 93.8% [79.9, 98.3], 648 updates, mean Q 0.372, 267s
  qc seed 2 round 18/20: 31/32 = 96.9% [84.3, 99.4], 620 updates, mean Q 0.379, 276s
  qc seed 2 round 19/20: 29/32 = 90.6% [75.8, 96.8], 740 updates, mean Q 0.385, 286s
  qc seed 2 round 20/20: 30/32 = 93.8% [79.9, 98.3], 662 updates, mean Q 0.391, 297s
qc seed 2 (eval): 238/256 = 93.0% [89.2, 95.5]
  qc-cql seed 2 round 1/10: 13/32 = 40.6% [25.5, 57.7], 1680 updates, mean Q -85.934, 124s
  qc-cql seed 2 round 2/10: 16/32 = 50.0% [33.6, 66.4], 1508 updates, mean Q -46.086, 143s
  qc-cql seed 2 round 3/10: 20/32 = 62.5% [45.3, 77.1], 1314 updates, mean Q -24.782, 158s
  qc-cql seed 2 round 4/10: 18/32 = 56.2% [39.3, 71.8], 1442 updates, mean Q -14.963, 175s
  qc-cql seed 2 round 5/10: 17/32 = 53.1% [36.4, 69.1], 1458 updates, mean Q -6.131, 199s
  qc-cql seed 2 round 6/10: 22/32 = 68.8% [51.4, 82.0], 1160 updates, mean Q -2.272, 212s
  qc-cql seed 2 round 7/10: 20/32 = 62.5% [45.3, 77.1], 1292 updates, mean Q -0.782, 243s
  qc-cql seed 2 round 8/10: 19/32 = 59.4% [42.3, 74.5], 1330 updates, mean Q -0.195, 258s
  qc-cql seed 2 round 9/10: 20/32 = 62.5% [45.3, 77.1], 1250 updates, mean Q -0.020, 287s
  qc-cql seed 2 round 10/10: 20/32 = 62.5% [45.3, 77.1], 1262 updates, mean Q 0.035, 306s
qc-cql seed 2 (eval): 141/256 = 55.1% [49.0, 61.1]

=== Chapter 5 summary (eval, n = 256 per seed) ===
base_v1:          129/256 = 50.4% [44.3, 56.5]
sac     seed 0:   6/256 = 2.3% [1.1, 5.0]  McNemar p=9.6e-35  vs base: {'fixed': 2, 'broke': 125, 'both_fail': 125}
sac     seed 1:   16/256 = 6.2% [3.9, 9.9]  McNemar p=4.8e-27  vs base: {'fixed': 8, 'broke': 121, 'both_fail': 119}
sac     seed 2:   1/256 = 0.4% [0.1, 2.2]  McNemar p=1.9e-37  vs base: {'fixed': 1, 'broke': 129, 'both_fail': 126}
sac     pooled:   23/768 = 3.0% [2.0, 4.5]
rlpd    seed 0:   0/256 = 0.0% [0.0, 1.5]  McNemar p=2.9e-39  vs base: {'fixed': 0, 'broke': 129, 'both_fail': 127}
rlpd    seed 1:   9/256 = 3.5% [1.9, 6.5]  McNemar p=7.3e-34  vs base: {'fixed': 2, 'broke': 122, 'both_fail': 125}
rlpd    seed 2:   116/256 = 45.3% [39.3, 51.4]  McNemar p=0.28  vs base: {'fixed': 56, 'broke': 69, 'both_fail': 71}
rlpd    pooled:   125/768 = 16.3% [13.8, 19.1]
qc      seed 0:   238/256 = 93.0% [89.2, 95.5]  McNemar p=1.4e-26  vs base: {'fixed': 116, 'broke': 7, 'both_fail': 11}
qc      seed 1:   245/256 = 95.7% [92.5, 97.6]  McNemar p=1.1e-31  vs base: {'fixed': 119, 'broke': 3, 'both_fail': 8}
qc      seed 2:   238/256 = 93.0% [89.2, 95.5]  McNemar p=3e-27  vs base: {'fixed': 115, 'broke': 6, 'both_fail': 12}
qc      pooled:   721/768 = 93.9% [92.0, 95.4]
qc-cql  seed 0:   154/256 = 60.2% [54.1, 66.0]  McNemar p=0.026  vs base: {'fixed': 71, 'broke': 46, 'both_fail': 56}
qc-cql  seed 1:   140/256 = 54.7% [48.6, 60.7]  McNemar p=0.37  vs base: {'fixed': 68, 'broke': 57, 'both_fail': 59}
qc-cql  seed 2:   141/256 = 55.1% [49.0, 61.1]  McNemar p=0.33  vs base: {'fixed': 69, 'broke': 57, 'both_fail': 58}
qc-cql  pooled:   435/768 = 56.6% [53.1, 60.1]
random pick of 32: 125/256 = 48.8% [42.8, 54.9]  McNemar p=0.78
three regimes (both on chapter-5 seeds): demos 36/60 = 60.0% [47.4, 71.4] vs base_v1 warm-up rollouts 330/768 = 43.0% [39.5, 46.5] (base_v1 on eval: 129/256 = 50.4% [44.3, 56.5])
row sac_s0 robot-min: {'search': 108.8, 'train': 410.9, 'eval': 166.3} (method wall 1.2 min)
row sac_s1 robot-min: {'search': 108.8, 'train': 411.9, 'eval': 166.5} (method wall 1.1 min)
row sac_s2 robot-min: {'search': 108.8, 'train': 410.0, 'eval': 168.1} (method wall 1.0 min)
row rlpd_s0 robot-min: {'search': 108.8, 'train': 408.3, 'eval': 168.1} (method wall 3.1 min)
row rlpd_s1 robot-min: {'search': 108.8, 'train': 411.9, 'eval': 162.5} (method wall 3.0 min)
row rlpd_s2 robot-min: {'search': 108.8, 'train': 407.5, 'eval': 134.8} (method wall 2.6 min)
row qc_s0 robot-min: {'search': 108.8, 'train': 380.4, 'eval': 57.6} (method wall 5.1 min)
row qc_s1 robot-min: {'search': 108.8, 'train': 385.6, 'eval': 56.7} (method wall 4.4 min)
row qc_s2 robot-min: {'search': 108.8, 'train': 381.3, 'eval': 57.6} (method wall 4.9 min)
row qc-cql_s0 robot-min: {'search': 108.8, 'train': 332.5, 'eval': 74.3} (method wall 5.0 min)
row qc-cql_s1 robot-min: {'search': 108.8, 'train': 331.4, 'eval': 77.1} (method wall 4.2 min)
row qc-cql_s2 robot-min: {'search': 108.8, 'train': 332.3, 'eval': 77.0} (method wall 5.1 min)
wall 46.6 min on mps; results in runs/ch05_rerun/results/ch05
